
Allocating common symbols
Common symbol       size              file

netbufpool          0x4               binaries/net.o
readylist           0x2               binaries/ready.o
rfltab              0x5a0             binaries/rflinit.o
sleepq              0x2               binaries/clkinit.o
sem                 0x10              binaries/xsh_dine.o
nmeals              0x4               binaries/xsh_dine.o
nnames              0x4               binaries/naminit.o
udptab              0x6a8             binaries/udp.o
opkt                0x3e8             binaries/xsh_tftp.o
minheap             0x4               binaries/meminit.o
marks               0x50              binaries/mark.o
currpid             0x4               binaries/initialize.o
Lf_data             0x20c             binaries/lfscreate.o
porttab             0x2d0             binaries/ptinit.o
girmask             0x2               binaries/evec.o
ttytab              0x110             binaries/ttyinit.o
proctab             0x1770            binaries/initialize.o
prcount             0x4               binaries/initialize.o
lfltab              0xf00             binaries/lflinit.o
rdstab              0x8c              binaries/rdsinit.o
ethertab            0x138             binaries/ethinit.o
nsaddr              0x4               binaries/dns.o
NetData             0xc0              binaries/net.o
ipkt                0x3e8             binaries/xsh_tftp.o
nmarks              0x4               binaries/mark.o
Defer               0x8               binaries/resched.o
semtab              0x4b0             binaries/initialize.o
maxheap             0x4               binaries/meminit.o
preempt             0x4               binaries/clkinit.o
buftab              0xf0              binaries/bufinit.o
Rf_data             0x18              binaries/rfsinit.o
term                0x4               binaries/xsh_dine.o
savjmp              0x18              binaries/xsh_basic.o
mkmutex             0x4               binaries/mark.o
network_status      0x4               binaries/ethinit.o
phil                0x10              binaries/xsh_dine.o
clktime             0x4               binaries/clkinit.o
arpcache            0x500             binaries/arp.o
icmptab             0x230             binaries/icmp.o
nbpools             0x4               binaries/bufinit.o
queuetab            0x980             binaries/queue.o
ptnextid            0x4               binaries/ptinit.o
Ram                 0x19000           binaries/raminit.o
ipoqueue            0x2c              binaries/ip.o
eaten               0x10              binaries/xsh_dine.o
uedev               0xa20             binaries/uechoinit.o
memlist             0x8               binaries/initialize.o
nametab             0x19a0            binaries/naminit.o
ptfree              0x4               binaries/ptinit.o

Discarded input sections

 .group         0x0000000000000000        0x8 binaries/ascdate.o
 .group         0x0000000000000000        0x8 binaries/bufinit.o
 .group         0x0000000000000000        0x8 binaries/chprio.o
 .group         0x0000000000000000        0x8 binaries/clkhandler.o
 .text.__x86.get_pc_thunk.bx
                0x0000000000000000        0x4 binaries/clkhandler.o
 .group         0x0000000000000000        0x8 binaries/clkinit.o
 .text.__x86.get_pc_thunk.bx
                0x0000000000000000        0x4 binaries/clkinit.o
 .group         0x0000000000000000        0x8 binaries/close.o
 .text.__x86.get_pc_thunk.bx
                0x0000000000000000        0x4 binaries/close.o
 .group         0x0000000000000000        0x8 binaries/control.o
 .text.__x86.get_pc_thunk.bx
                0x0000000000000000        0x4 binaries/control.o
 .group         0x0000000000000000        0x8 binaries/create.o
 .group         0x0000000000000000        0x8 binaries/create.o
 .text.__x86.get_pc_thunk.cx
                0x0000000000000000        0x4 binaries/create.o
 .text.__x86.get_pc_thunk.bx
                0x0000000000000000        0x4 binaries/create.o
 .group         0x0000000000000000        0x8 binaries/early_imr.o
 .group         0x0000000000000000        0x8 binaries/early_imr.o
 .text.__x86.get_pc_thunk.ax
                0x0000000000000000        0x4 binaries/early_imr.o
 .text.__x86.get_pc_thunk.bx
                0x0000000000000000        0x4 binaries/early_imr.o
 .group         0x0000000000000000        0x8 binaries/evec.o
 .group         0x0000000000000000        0x8 binaries/evec.o
 .text.__x86.get_pc_thunk.ax
                0x0000000000000000        0x4 binaries/evec.o
 .text.__x86.get_pc_thunk.bx
                0x0000000000000000        0x4 binaries/evec.o
 .group         0x0000000000000000        0x8 binaries/exit.o
 .text.__x86.get_pc_thunk.bx
                0x0000000000000000        0x4 binaries/exit.o
 .group         0x0000000000000000        0x8 binaries/freebuf.o
 .text.__x86.get_pc_thunk.bx
                0x0000000000000000        0x4 binaries/freebuf.o
[...]
Memory Configuration

Name             Origin             Length             Attributes
*default*        0x0000000000000000 0xffffffffffffffff

Linker script and memory map

                0x0000000000100000                physbase = 0x100000
                0x0000000000100000                . = physbase
                0x0000000000100000                . = ALIGN (0x1000)

.text           0x0000000000100000    0x2a000
                0x0000000000100000                text = ABSOLUTE (.)
 *(.text .text.*)
 .text          0x0000000000100000      0x1a8 binaries/start.o
                0x0000000000100024                start
                0x00000000001000f6                inb
                0x00000000001000fe                inw
                0x0000000000100107                inl
                0x000000000010010f                outb
                0x0000000000100119                outw
                0x0000000000100124                outl
                0x000000000010012e                _rtcin
                0x0000000000100139                ___udivsi3
                0x0000000000100144                ___divsi3
                0x0000000000100150                sbzero
                0x0000000000100160                bcopy
                0x0000000000100174                insw
                0x000000000010018a                outsw
                0x00000000001001a0                lidt
 .text          0x00000000001001a8      0x404 binaries/ascdate.o
                0x00000000001001a8                ascdate
 .text.__x86.get_pc_thunk.cx
                0x00000000001005ac        0x4 binaries/ascdate.o
                0x00000000001005ac                __x86.get_pc_thunk.cx
 .text          0x00000000001005b0       0x20 binaries/bufinit.o
                0x00000000001005b0                bufinit
 .text.__x86.get_pc_thunk.ax
                0x00000000001005d0        0x4 binaries/bufinit.o
                0x00000000001005d0                __x86.get_pc_thunk.ax
 .text          0x00000000001005d4       0xa2 binaries/chprio.o
                0x00000000001005d4                chprio
 .text.__x86.get_pc_thunk.bx
                0x0000000000100676        0x4 binaries/chprio.o
                0x0000000000100676                __x86.get_pc_thunk.bx
 .text          0x000000000010067a       0xd7 binaries/clkhandler.o
                0x000000000010067a                clkhandler
 .text          0x0000000000100751       0x95 binaries/clkinit.o
                0x0000000000100751                clkinit
 .text          0x00000000001007e6       0x86 binaries/close.o
                0x00000000001007e6                close
 .text          0x000000000010086c        0x0 binaries/conf.o
 .text          0x000000000010086c       0x8c binaries/control.o
                0x000000000010086c                control
 .text          0x00000000001008f8      0x3a7 binaries/create.o
                0x00000000001008f8                create
 .text          0x0000000000100c9f      0x30e binaries/early_imr.o
                0x0000000000100c9f                intel_cln_early_sb_read_reg
                0x0000000000100d30                intel_cln_early_sb_write_reg
                0x0000000000100f0f                remove_irm_protections
 .text          0x0000000000100fad      0x4c6 binaries/evec.o
                0x0000000000100fad                initevec
                0x00000000001010be                set_evec
                0x000000000010117c                setirmask
                0x00000000001011ee                trap
 .text          0x0000000000101473       0x29 binaries/exit.o
                0x0000000000101473                exit
 .text          0x000000000010149c       0xa1 binaries/freebuf.o
                0x000000000010149c                freebuf
 .text          0x000000000010153d      0x1fb binaries/freemem.o
                0x000000000010153d                freemem
 .text          0x0000000000101738       0x9f binaries/getbuf.o
                0x0000000000101738                getbuf
 .text          0x00000000001017d7       0x86 binaries/getc.o
                0x00000000001017d7                getc
 .text          0x000000000010185d       0x86 binaries/getdev.o
                0x000000000010185d                getdev
 .text          0x00000000001018e3      0x111 binaries/getitem.o
                0x00000000001018e3                getfirst
                0x0000000000101939                getlast
                0x0000000000101991                getitem
 .text.__x86.get_pc_thunk.dx
                0x00000000001019f4        0x4 binaries/getitem.o
                0x00000000001019f4                __x86.get_pc_thunk.dx
 .text          0x00000000001019f8      0x132 binaries/getmem.o
                0x00000000001019f8                getmem
 .text          0x0000000000101b2a       0x17 binaries/getpid.o
                0x0000000000101b2a                getpid
 .text          0x0000000000101b41       0x8c binaries/getprio.o
                0x0000000000101b41                getprio
 .text          0x0000000000101bcd      0x119 binaries/getstk.o
                0x0000000000101bcd                getstk
 .text          0x0000000000101ce6       0x4a binaries/gettime.o
                0x0000000000101ce6                gettime
 .text          0x0000000000101d30      0x344 binaries/getutime.o
                0x0000000000101d30                getutime
 .text          0x0000000000102074       0x86 binaries/init.o
                0x0000000000102074                init
 .text          0x00000000001020fa      0x371 binaries/initialize.o
                0x00000000001020fa                nulluser
                0x00000000001023f8                stop
                0x0000000000102433                delay
 .text          0x000000000010246b      0x105 binaries/insert.o
                0x000000000010246b                insert
 .text          0x0000000000102570      0x13e binaries/insertd.o
                0x0000000000102570                insertd
 .text          0x00000000001026ae       0x14 binaries/ioerr.o
                0x00000000001026ae                ioerr
 .text          0x00000000001026c2       0x14 binaries/ionull.o
                0x00000000001026c2                ionull
 .text          0x00000000001026d6      0x1c8 binaries/kill.o
                0x00000000001026d6                kill
 .text          0x000000000010289e      0x11a binaries/kprintf.o
                0x000000000010289e                kputc
                0x0000000000102911                kgetc
                0x000000000010297c                kprintf
 .text          0x00000000001029b8       0xb9 binaries/main.o
                0x00000000001029b8                main
 .text          0x0000000000102a71       0xf0 binaries/mark.o
                0x0000000000102a71                markinit
                0x0000000000102aac                mark
 .text          0x0000000000102b61      0x344 binaries/meminit.o
                0x0000000000102b61                meminit
                0x0000000000102dbf                setsegs
 .text          0x0000000000102ea5      0x179 binaries/mkbufpool.o
                0x0000000000102ea5                mkbufpool
 .text          0x000000000010301e       0x56 binaries/netup.o
                0x000000000010301e                netup
 .text          0x0000000000103074       0xbb binaries/newqueue.o
                0x0000000000103074                newqueue
 .text          0x000000000010312f       0x8c binaries/open.o
                0x000000000010312f                open
 .text          0x00000000001031bb       0x2e binaries/panic.o
                0x00000000001031bb                panic
 .text          0x00000000001031e9      0x4a7 binaries/pci.o
                0x00000000001031e9                pci_init
                0x00000000001032af                find_pci_device
                0x00000000001033a0                pci_read_config_byte
                0x0000000000103408                pci_read_config_word
                0x0000000000103472                pci_read_config_dword
                0x00000000001034da                pci_write_config_byte
                0x0000000000103546                pci_write_config_word
                0x00000000001035b4                pci_write_config_dword
                0x000000000010361a                pci_get_dev_mmio_base_addr
 .text          0x0000000000103690       0xd3 binaries/platinit.o
                0x0000000000103690                console_init
                0x00000000001036ed                platinit
 .text          0x0000000000103763      0x105 binaries/ptclear.o
                0x0000000000103763                _ptclear
 .text          0x0000000000103868       0xaf binaries/ptcount.o
                0x0000000000103868                ptcount
 .text          0x0000000000103917      0x138 binaries/ptcreate.o
                0x0000000000103917                ptcreate
 .text          0x0000000000103a4f       0x94 binaries/ptdelete.o
                0x0000000000103a4f                ptdelete
 .text          0x0000000000103ae3       0xe7 binaries/ptinit.o
                0x0000000000103ae3                ptinit
 .text          0x0000000000103bca      0x135 binaries/ptrecv.o
                0x0000000000103bca                ptrecv
 .text          0x0000000000103cff       0x89 binaries/ptreset.o
                0x0000000000103cff                ptreset
 .text          0x0000000000103d88      0x15a binaries/ptsend.o
                0x0000000000103d88                ptsend
 .text          0x0000000000103ee2       0x91 binaries/putc.o
                0x0000000000103ee2                putc
 .text          0x0000000000103f73       0xdb binaries/quark_irq.o
                0x0000000000103f73                quark_irq_routing
 .text          0x000000000010404e      0x20f binaries/quark_pdat.o
                0x000000000010404e                get_quark_pdat_entry_data_by_id
                0x0000000000104150                get_quark_pdat_entry_data_by_desc
 .text          0x000000000010425d      0x146 binaries/queue.o
                0x000000000010425d                enqueue
                0x000000000010431e                dequeue
 .text          0x00000000001043a3       0x8c binaries/read.o
                0x00000000001043a3                read
 .text          0x000000000010442f       0x8c binaries/ready.o
                0x000000000010442f                ready
 .text          0x00000000001044bb       0x74 binaries/receive.o
                0x00000000001044bb                receive
 .text          0x000000000010452f       0x70 binaries/recvclr.o
                0x000000000010452f                recvclr
 .text          0x000000000010459f       0xd5 binaries/recvtime.o
                0x000000000010459f                recvtime
 .text          0x0000000000104674       0x74 binaries/remove.o
                0x0000000000104674                remove
 .text          0x00000000001046e8       0xd2 binaries/rename.o
                0x00000000001046e8                rename
 .text          0x00000000001047ba      0x1cd binaries/resched.o
                0x00000000001047ba                resched
                0x00000000001048ea                resched_cntl
 .text          0x0000000000104987       0xbf binaries/resume.o
                0x0000000000104987                resume
 .text          0x0000000000104a46       0x8a binaries/seek.o
                0x0000000000104a46                seek
 .text          0x0000000000104ad0       0x87 binaries/semcount.o
                0x0000000000104ad0                semcount
 .text          0x0000000000104b57      0x100 binaries/semcreate.o
                0x0000000000104b57                semcreate
 .text          0x0000000000104c57       0xdf binaries/semdelete.o
                0x0000000000104c57                semdelete
 .text          0x0000000000104d36       0xe3 binaries/semreset.o
                0x0000000000104d36                semreset
 .text          0x0000000000104e19       0xfb binaries/send.o
                0x0000000000104e19                send
 .text          0x0000000000104f14       0xcd binaries/showmema.o
                0x0000000000104f14                showmema
 .text          0x0000000000104fe1       0xba binaries/signal.o
                0x0000000000104fe1                signal
 .text          0x000000000010509b       0xe8 binaries/signaln.o
                0x000000000010509b                signaln
 .text          0x0000000000105183      0x107 binaries/sleep.o
                0x0000000000105183                sleep
                0x00000000001051d5                sleepms
 .text          0x000000000010528a       0x14 binaries/ssignal.o
                0x000000000010528a                ssignal
 .text          0x000000000010529e      0x1cc binaries/stacktrace.o
                0x000000000010529e                stacktrace
 .text          0x000000000010546a       0xf5 binaries/suspend.o
                0x000000000010546a                suspend
 .text          0x000000000010555f       0x14 binaries/swait.o
                0x000000000010555f                swait
 .text          0x0000000000105573      0x100 binaries/unsleep.o
                0x0000000000105573                unsleep
 .text          0x0000000000105673       0x29 binaries/userret.o
                0x0000000000105673                userret
 .text          0x000000000010569c       0xf5 binaries/wait.o
                0x000000000010569c                wait
 .text          0x0000000000105791       0x98 binaries/wakeup.o
                0x0000000000105791                wakeup
 .text          0x0000000000105829       0x8c binaries/write.o
                0x0000000000105829                write
 .text          0x00000000001058b5       0x2f binaries/xdone.o
                0x00000000001058b5                xdone
 .text          0x00000000001058e4       0x37 binaries/yield.o
                0x00000000001058e4                yield
 .text          0x000000000010591b       0x1b binaries/abs.o
                0x000000000010591b                abs
 .text          0x0000000000105936       0x99 binaries/atoi.o
                0x0000000000105936                atoi
 .text          0x00000000001059cf       0x99 binaries/atol.o
                0x00000000001059cf                atol
 .text          0x0000000000105a68       0x3c binaries/bzero.o
                0x0000000000105a68                bzero
 .text          0x0000000000105aa4        0x0 binaries/ctype_.o
 .text          0x0000000000105aa4      0x840 binaries/doprnt.o
                0x0000000000105aa4                _doprnt
 .text          0x00000000001062e4      0x6da binaries/doscan.o
                0x00000000001062e4                _doscan
 .text.__x86.get_pc_thunk.di
                0x00000000001069be        0x4 binaries/doscan.o
                0x00000000001069be                __x86.get_pc_thunk.di
 .text          0x00000000001069c2      0x76a binaries/fdoprnt.o
                0x00000000001069c2                _fdoprnt
 .text          0x000000000010712c       0x39 binaries/fgetc.o
                0x000000000010712c                fgetc
 .text          0x0000000000107165       0x84 binaries/fgets.o
                0x0000000000107165                fgets
 .text          0x00000000001071e9       0xb1 binaries/fprintf.o
                0x00000000001071e9                fprintf
 .text          0x000000000010729a       0x3c binaries/fputc.o
                0x000000000010729a                fputc
 .text          0x00000000001072d6       0x52 binaries/fputs.o
                0x00000000001072d6                fputs
 .text          0x0000000000107328       0xb8 binaries/fscanf.o
                0x0000000000107328                fscanf
 .text          0x00000000001073e0       0x46 binaries/getchar.o
                0x00000000001073e0                getchar
 .text          0x0000000000107426       0x65 binaries/isatty.o
                0x0000000000107426                isatty
 .text          0x000000000010748b       0x1b binaries/labs.o
                0x000000000010748b                labs
 .text          0x00000000001074a6       0x44 binaries/memchr.o
                0x00000000001074a6                memchr
 .text          0x00000000001074ea       0x5b binaries/memcmp.o
                0x00000000001074ea                memcmp
 .text          0x0000000000107545       0x49 binaries/memcpy.o
                0x0000000000107545                memcpy
 .text          0x000000000010758e       0x3c binaries/memset.o
                0x000000000010758e                memset
 .text          0x00000000001075ca       0xd5 binaries/printf.o
                0x00000000001075ca                printf
 .text          0x000000000010769f       0x49 binaries/putchar.o
                0x000000000010769f                putchar
 .text          0x00000000001076e8      0x277 binaries/qsort.o
                0x00000000001076e8                qsort
 .text          0x000000000010795f       0x4e binaries/rand.o
                0x000000000010795f                srand
                0x0000000000107978                rand
 .text          0x00000000001079ad       0x82 binaries/sprintf.o
                0x00000000001079ad                sprintf
 .text          0x0000000000107a2f       0x98 binaries/sscanf.o
                0x0000000000107a2f                sscanf
 .text          0x0000000000107ac7       0x4b binaries/strcat.o
                0x0000000000107ac7                strcat
 .text          0x0000000000107b12       0x46 binaries/strchr.o
                0x0000000000107b12                strchr
 .text          0x0000000000107b58       0x4f binaries/strcmp.o
                0x0000000000107b58                strcmp
 .text          0x0000000000107ba7       0x38 binaries/strcpy.o
                0x0000000000107ba7                strcpy
 .text          0x0000000000107bdf       0x2f binaries/strlen.o
                0x0000000000107bdf                strlen
 .text          0x0000000000107c0e       0x60 binaries/strncat.o
                0x0000000000107c0e                strncat
 .text          0x0000000000107c6e       0x68 binaries/strncmp.o
                0x0000000000107c6e                strncmp
 .text          0x0000000000107cd6       0x59 binaries/strncpy.o
                0x0000000000107cd6                strncpy
 .text          0x0000000000107d2f       0x38 binaries/strnlen.o
                0x0000000000107d2f                strnlen
 .text          0x0000000000107d67       0x52 binaries/strpbrk.o
                0x0000000000107d67                strpbrk
 .text          0x0000000000107db9       0x4f binaries/strrchr.o
                0x0000000000107db9                strrchr
 .text          0x0000000000107e08       0x57 binaries/strspn.o
                0x0000000000107e08                strspn
 .text          0x0000000000107e5f       0x78 binaries/strstr.o
                0x0000000000107e5f                strstr
 .text          0x0000000000107ed7       0xa6 binaries/strtok.o
                0x0000000000107ed7                strtok
 .text          0x0000000000107f7d       0xcd binaries/strtol.o
                0x0000000000107f7d                strtol
 .text          0x000000000010804a       0x8d binaries/strtoul.o
                0x000000000010804a                strtoul
 .text          0x00000000001080d7       0x26 binaries/tolower.o
                0x00000000001080d7                tolower
 .text          0x00000000001080fd       0x26 binaries/toupper.o
                0x00000000001080fd                toupper
 .text          0x0000000000108123      0x232 binaries/xstoul.o
                0x0000000000108123                _Stoul
 .text          0x0000000000108355       0xfb binaries/ttycontrol.o
                0x0000000000108355                ttycontrol
 .text          0x0000000000108450       0xab binaries/ttygetc.o
                0x0000000000108450                ttygetc
 .text          0x00000000001084fb      0x716 binaries/ttyhandle_in.o
                0x00000000001084fb                ttyhandle_in
 .text          0x0000000000108c11      0x197 binaries/ttyhandle_out.o
                0x0000000000108c11                ttyhandle_out
 .text          0x0000000000108da8       0xcf binaries/ttyhandler.o
                0x0000000000108da8                ttyhandler
 .text          0x0000000000108e77      0x203 binaries/ttyinit.o
                0x0000000000108e77                ttyinit
 .text          0x000000000010907a       0x1a binaries/ttykickout.o
                0x000000000010907a                ttykickout
 .text          0x0000000000109094       0xc9 binaries/ttyputc.o
                0x0000000000109094                ttyputc
 .text          0x000000000010915d      0x12d binaries/ttyread.o
                0x000000000010915d                ttyread
 .text          0x000000000010928a       0x5c binaries/ttywrite.o
                0x000000000010928a                ttywrite
 .text          0x00000000001092e6      0x174 binaries/mount.o
                0x00000000001092e6                mount
                0x000000000010941a                namlen
 .text          0x000000000010945a      0x220 binaries/naminit.o
                0x000000000010945a                naminit
 .text          0x000000000010967a      0x26b binaries/nammap.o
                0x000000000010967a                nammap
                0x0000000000109717                namrepl
                0x0000000000109863                namcpy
 .text          0x00000000001098e5       0x5d binaries/namopen.o
                0x00000000001098e5                namopen
 .text          0x0000000000109942      0x1bb binaries/colon2mac.o
                0x0000000000109942                colon2mac
 .text          0x0000000000109afd       0xa8 binaries/ethcontrol.o
                0x0000000000109afd                ethcontrol
 .text          0x0000000000109ba5      0x19f binaries/ethhandler.o
                0x0000000000109ba5                ethhandler
 .text          0x0000000000109d44      0x7ca binaries/ethinit.o
                0x0000000000109d44                eth_phy_read
                0x0000000000109db8                eth_phy_write
                0x0000000000109e37                eth_phy_reset
                0x0000000000109f8b                ethinit
 .text          0x000000000010a50e      0x19c binaries/ethmcast.o
                0x000000000010a50e                ethmcast_add
                0x000000000010a59b                ethmcast_remove
 .text          0x000000000010a6aa      0x1a1 binaries/ethread.o
                0x000000000010a6aa                ethread
 .text          0x000000000010a84b      0x10a binaries/ethwrite.o
                0x000000000010a84b                ethwrite
 .text          0x000000000010a955       0xaf binaries/rdsbufalloc.o
                0x000000000010a955                rdsbufalloc
 .text          0x000000000010aa04       0xcf binaries/rdsclose.o
                0x000000000010aa04                rdsclose
 .text          0x000000000010aad3      0x2d2 binaries/rdscomm.o
                0x000000000010aad3                rdscomm
 .text          0x000000000010ada5      0x20a binaries/rdscontrol.o
                0x000000000010ada5                rdscontrol
 .text          0x000000000010afaf      0x20f binaries/rdsinit.o
                0x000000000010afaf                rdsinit
 .text          0x000000000010b1be      0x1a4 binaries/rdsopen.o
                0x000000000010b1be                rdsopen
 .text          0x000000000010b362      0x46d binaries/rdsprocess.o
                0x000000000010b362                rdsprocess
 .text          0x000000000010b7cf      0x23f binaries/rdsread.o
                0x000000000010b7cf                rdsread
 .text          0x000000000010ba0e      0x1df binaries/rdswrite.o
                0x000000000010ba0e                rdswrite
 .text          0x000000000010bbed       0x14 binaries/ramclose.o
                0x000000000010bbed                ramclose
 .text          0x000000000010bc01       0x58 binaries/raminit.o
                0x000000000010bc01                raminit
 .text          0x000000000010bc59       0x14 binaries/ramopen.o
                0x000000000010bc59                ramopen
 .text          0x000000000010bc6d       0x47 binaries/ramread.o
                0x000000000010bc6d                ramread
 .text          0x000000000010bcb4       0x47 binaries/ramwrite.o
                0x000000000010bcb4                ramwrite
 .text          0x000000000010bcfb       0xc4 binaries/lfdballoc.o
                0x000000000010bcfb                lfdballoc
 .text          0x000000000010bdbf       0x6c binaries/lfdbfree.o
                0x000000000010bdbf                lfdbfree
 .text          0x000000000010be2b       0xe0 binaries/lfflush.o
                0x000000000010be2b                lfflush
 .text          0x000000000010bf0b      0x104 binaries/lfgetmode.o
                0x000000000010bf0b                lfgetmode
 .text          0x000000000010c00f       0x92 binaries/lfiballoc.o
                0x000000000010c00f                lfiballoc
 .text          0x000000000010c0a1       0x45 binaries/lfibclear.o
                0x000000000010c0a1                lfibclear
 .text          0x000000000010c0e6       0xbc binaries/lfibget.o
                0x000000000010c0e6                lfibget
 .text          0x000000000010c1a2       0xeb binaries/lfibput.o
                0x000000000010c1a2                lfibput
 .text          0x000000000010c28d       0xbb binaries/lflclose.o
                0x000000000010c28d                lflclose
 .text          0x000000000010c348      0x144 binaries/lflcontrol.o
                0x000000000010c348                lflcontrol
 .text          0x000000000010c48c      0x126 binaries/lflgetc.o
                0x000000000010c48c                lflgetc
 .text          0x000000000010c5b2      0x102 binaries/lflinit.o
                0x000000000010c5b2                lflinit
 .text          0x000000000010c6b4      0x13a binaries/lflputc.o
                0x000000000010c6b4                lflputc
 .text          0x000000000010c7ee       0xa1 binaries/lflread.o
                0x000000000010c7ee                lflread
 .text          0x000000000010c88f       0xbe binaries/lflseek.o
                0x000000000010c88f                lflseek
 .text          0x000000000010c94d       0x64 binaries/lflwrite.o
                0x000000000010c94d                lflwrite
 .text          0x000000000010c9b1      0x159 binaries/lfsckfmt.o
                0x000000000010c9b1                lfsckfmt
 .text          0x000000000010cb0a      0xa04 binaries/lfscontrol.o
                0x000000000010cca2                lfscontrol
 .text          0x000000000010d50e      0x1ff binaries/lfscreate.o
                0x000000000010d50e                lfscreate
 .text          0x000000000010d70d      0x2a3 binaries/lfsetup.o
                0x000000000010d70d                lfsetup
 .text          0x000000000010d9b0       0x81 binaries/lfsinit.o
                0x000000000010d9b0                lfsinit
 .text          0x000000000010da31      0x53f binaries/lfsopen.o
                0x000000000010da31                lfsopen
 .text          0x000000000010df70      0x18a binaries/lftruncate.o
                0x000000000010df70                lftruncate
 .text          0x000000000010e0fa       0x8f binaries/rflclose.o
                0x000000000010e0fa                rflclose
 .text          0x000000000010e189       0x4f binaries/rflgetc.o
                0x000000000010e189                rflgetc
 .text          0x000000000010e1d8       0x86 binaries/rflinit.o
                0x000000000010e1d8                rflinit
 .text          0x000000000010e25e       0x43 binaries/rflputc.o
                0x000000000010e25e                rflputc
 .text          0x000000000010e2a1      0x396 binaries/rflread.o
                0x000000000010e2a1                rflread
 .text          0x000000000010e637       0x92 binaries/rflseek.o
                0x000000000010e637                rflseek
 .text          0x000000000010e6c9      0x381 binaries/rflwrite.o
                0x000000000010e6c9                rflwrite
 .text          0x000000000010ea4a      0x21d binaries/rfscomm.o
                0x000000000010ea4a                rfscomm
 .text          0x000000000010ec67      0x3af binaries/rfscontrol.o
                0x000000000010ec67                rfscontrol
 .text          0x000000000010f016       0xe2 binaries/rfsgetmode.o
                0x000000000010f016                rfsgetmode
 .text          0x000000000010f0f8       0xf2 binaries/rfsinit.o
                0x000000000010f0f8                rfsinit
 .text          0x000000000010f1ea      0x122 binaries/rfsndmsg.o
                0x000000000010f1ea                rfsndmsg
 .text          0x000000000010f30c      0x2e3 binaries/rfsopen.o
                0x000000000010f30c                rfsopen
 .text          0x000000000010f5ef       0x14 binaries/uechoclose.o
                0x000000000010f5ef                uechoclose
 .text          0x000000000010f603       0x14 binaries/uechocontrol.o
                0x000000000010f603                uechocontrol
 .text          0x000000000010f617      0x46e binaries/uechoget.o
                0x000000000010f65e                uechoget
 .text          0x000000000010fa85      0x1bc binaries/uechoinit.o
                0x000000000010fa85                uechoinit
                0x000000000010fae1                ueproc
                0x000000000010fb9c                ueconn
 .text          0x000000000010fc41       0xf4 binaries/uechoopen.o
                0x000000000010fc41                uechoopen
 .text          0x000000000010fd35       0xf9 binaries/uechoputc.o
                0x000000000010fd35                uechoput
 .text          0x000000000010fe2e       0x7d binaries/uechoread.o
                0x000000000010fe2e                uechoread
 .text          0x000000000010feab      0x169 binaries/uechowrite.o
                0x000000000010feab                uechowrite
 .text          0x0000000000110014      0x8e6 binaries/arp.o
                0x0000000000110014                arp_init
                0x000000000011005a                arp_resolve
                0x0000000000110348                arp_in
                0x000000000011062a                arp_alloc
                0x000000000011070c                arp_ntoh
                0x0000000000110803                arp_hton
 .text          0x00000000001108fa      0xa60 binaries/dhcp.o
                0x00000000001108fa                dhcp_get_opt_val
                0x000000000011095d                dhcp_bld_bootp_msg
                0x0000000000110a84                dhcp_bld_disc
                0x0000000000110b5d                dhcp_bld_req
                0x0000000000110caf                getlocalip
 .text          0x000000000011135a      0x548 binaries/dns.o
                0x000000000011135a                dns_qa
                0x0000000000111544                dns_bldq
                0x0000000000111623                dns_geta
                0x00000000001117b1                dns_getrname
 .text          0x00000000001118a2       0xf4 binaries/dot2ip.o
                0x00000000001118a2                dot2ip
 .text          0x0000000000111996      0x528 binaries/hexdump.o
                0x0000000000111996                hexdump
                0x0000000000111b64                hexadump
 .text          0x0000000000111ebe      0x939 binaries/icmp.o
                0x0000000000111ebe                icmp_init
                0x0000000000111f04                icmp_in
                0x00000000001120e5                icmp_register
                0x00000000001121ef                icmp_recv
                0x000000000011238d                icmp_send
                0x0000000000112422                icmp_mkpkt
                0x0000000000112556                icmp_release
                0x0000000000112663                icmp_cksum
                0x00000000001126f9                icmp_hton
                0x0000000000112778                icmp_ntoh
 .text          0x00000000001127f7      0x96c binaries/ip.o
                0x00000000001127f7                ip_in
                0x000000000011299c                ip_send
                0x0000000000112b1e                ip_local
                0x0000000000112b7f                ip_out
                0x0000000000112cc7                ipcksum
                0x0000000000112d57                ip_ntoh
                0x0000000000112e4e                ip_hton
                0x0000000000112f45                ipout
                0x000000000011309c                ip_enqueue
 .text          0x0000000000113163      0x2f1 binaries/net.o
                0x0000000000113163                net_init
                0x000000000011331c                netin
                0x00000000001133ea                eth_hton
                0x000000000011341f                eth_ntoh
 .text          0x0000000000113454      0x16b binaries/netstart.o
                0x0000000000113454                netstart
 .text          0x00000000001135bf     0x15bc binaries/pdump.o
                0x00000000001135bf                pdump
                0x0000000000114417                pdumph
 .text.__x86.get_pc_thunk.si
                0x0000000000114b7b        0x4 binaries/pdump.o
                0x0000000000114b7b                __x86.get_pc_thunk.si
 .text          0x0000000000114b7f      0x68a binaries/tftp.o
                0x0000000000114b7f                tftp_send1
                0x0000000000114d12                tftpget
                0x0000000000114d4e                tftpget_mb
 .text          0x0000000000115209      0xc87 binaries/udp.o
                0x0000000000115209                udp_init
                0x0000000000115254                udp_in
                0x00000000001153ac                udp_register
                0x0000000000115505                udp_recv
                0x00000000001156b9                udp_recvaddr
                0x0000000000115885                udp_send
                0x0000000000115a8d                udp_sendto
                0x0000000000115c81                udp_release
                0x0000000000115d92                udp_ntoh
                0x0000000000115e11                udp_hton
 .text          0x0000000000115e90      0x191 binaries/addargs.o
                0x0000000000115e90                addargs
 .text          0x0000000000116021      0x2d1 binaries/lexan.o
                0x0000000000116021                lexan
 .text          0x00000000001162f2      0x928 binaries/shell.o
                0x00000000001162f2                shell
 .text          0x0000000000116c1a       0x7e binaries/xsh_argecho.o
                0x0000000000116c1a                xsh_argecho
 .text          0x0000000000116c98      0x2cc binaries/xsh_arp.o
                0x0000000000116c98                xsh_arp
 .text          0x0000000000116f64     0x328b binaries/xsh_basic.o
                0x0000000000119dd8                xsh_basic
 .text          0x000000000011a1ef      0x2ef binaries/xsh_cat.o
                0x000000000011a1ef                xsh_cat
 .text          0x000000000011a4de       0x7a binaries/xsh_clear.o
                0x000000000011a4de                xsh_clear
 .text          0x000000000011a558      0x1f4 binaries/xsh_cp.o
                0x000000000011a558                xsh_cp
 .text          0x000000000011a74c      0x354 binaries/xsh_date.o
                0x000000000011a74c                xsh_date
 .text          0x000000000011aaa0       0xcb binaries/xsh_devdump.o
                0x000000000011aaa0                xsh_devdump
 .text          0x000000000011ab6b      0x5b0 binaries/xsh_dine.o
                0x000000000011ab6b                take_forks
                0x000000000011abbf                put_forks
                0x000000000011ac13                phil_func
                0x000000000011ad3b                xsh_dine
 .text          0x000000000011b11b     0x207e binaries/xsh_e0.o
                0x000000000011b11b                xmalloc
                0x000000000011b390                fail
                0x000000000011b4d9                printn
                0x000000000011cdee                xsh_e0
 .text          0x000000000011d199       0x87 binaries/xsh_echo.o
                0x000000000011d199                xsh_echo
 .text          0x000000000011d220       0x14 binaries/xsh_exit.o
                0x000000000011d220                xsh_exit
 .text          0x000000000011d234      0x3e9 binaries/xsh_help.o
                0x000000000011d234                xsh_help
 .text          0x000000000011d61d      0x68a binaries/xsh_ipaddr.o
                0x000000000011d61d                xsh_ipaddr
 .text          0x000000000011dca7      0x287 binaries/xsh_kill.o
                0x000000000011dca7                xsh_kill
 .text          0x000000000011df2e      0x5be binaries/xsh_ls.o
                0x000000000011df6b                xsh_ls
 .text          0x000000000011e4ec      0x439 binaries/xsh_memdump.o
                0x000000000011e4ec                xsh_memdump
 .text          0x000000000011e925      0x316 binaries/xsh_memstat.o
                0x000000000011e925                xsh_memstat
 .text          0x000000000011ec3b      0x2e3 binaries/xsh_mklfs.o
                0x000000000011ec3b                xsh_mklfs
 .text          0x000000000011ef1e      0x32e binaries/xsh_msr.o
                0x000000000011ef1e                xsh_msr
 .text          0x000000000011f24c      0x286 binaries/xsh_netstat.o
                0x000000000011f24c                xsh_netstat
 .text          0x000000000011f4d2      0x4e7 binaries/xsh_ping.o
                0x000000000011f4d2                xsh_ping
 .text          0x000000000011f9b9      0x27c binaries/xsh_ps.o
                0x000000000011f9b9                xsh_ps
 .text          0x000000000011fc35       0x64 binaries/xsh_reboot.o
                0x000000000011fc35                xsh_reboot
 .text          0x000000000011fc99       0xfd binaries/xsh_rename.o
                0x000000000011fc99                xsh_rename
 .text          0x000000000011fd96      0x123 binaries/xsh_rm.o
                0x000000000011fd96                xsh_rm
 .text          0x000000000011feb9      0x2f2 binaries/xsh_sleep.o
                0x000000000011feb9                xsh_sleep
 .text          0x00000000001201ab      0x13c binaries/xsh_ss.o
                0x00000000001201ab                xsh_ss
 .text          0x00000000001202e7      0x34b binaries/xsh_sum.o
                0x00000000001202e7                xsh_sum
 .text          0x0000000000120632      0x3fc binaries/xsh_tail.o
                0x00000000001206e3                xsh_tail
 .text          0x0000000000120a2e     0x1691 binaries/xsh_tftp.o
                0x0000000000121e04                xsh_tftp
 .text          0x00000000001220bf      0x5ee binaries/xsh_tsetjmp.o
                0x00000000001220bf                getans
                0x0000000000122467                xsh_tsetjmp
 .text          0x00000000001226ad      0x2dd binaries/xsh_udpdump.o
                0x00000000001226ad                xsh_udpdump
 .text          0x000000000012298a      0x535 binaries/xsh_udpecho.o
                0x000000000012298a                xsh_udpecho
 .text          0x0000000000122ebf      0x2fb binaries/xsh_udpeserver.o
                0x0000000000122ebf                xsh_udpeserver
 .text          0x00000000001231ba      0x31b binaries/xsh_uptime.o
                0x00000000001231ba                xsh_uptime
 .text          0x00000000001234d5        0xe binaries/clkdisp.o
                0x00000000001234d5                clkdisp
 .text          0x00000000001234e3       0x19 binaries/ctxsw.o
                0x00000000001234e3                ctxsw
 .text          0x00000000001234fc      0x380 binaries/intr.o
                0x00000000001234fc                getcr0
                0x0000000000123500                getcr3
                0x0000000000123504                reboot
                0x0000000000123514                disable
                0x000000000012351d                restore
                0x000000000012352b                enable
                0x000000000012352d                pause
                0x0000000000123534                halt
                0x0000000000123537                spurious_irq7
                0x000000000012353c                spurious_irq15
                0x000000000012354b                _Xint0
                0x0000000000123556                _Xint1
                0x0000000000123561                _Xint2
                0x000000000012356c                _Xint3
                0x0000000000123577                _Xint4
                0x0000000000123582                _Xint5
                0x000000000012358d                _Xint6
                0x0000000000123598                _Xint7
                0x00000000001235a3                _Xint8
                0x00000000001235ae                _Xint9
                0x00000000001235b9                _Xint10
                0x00000000001235c4                _Xint11
                0x00000000001235d2                _Xint12
                0x00000000001235e0                _Xint13
                0x00000000001235ee                _Xint14
                0x00000000001235fc                _Xint15
                0x000000000012360a                _Xint16
                0x0000000000123618                _Xint17
                0x0000000000123626                _Xint18
                0x0000000000123634                _Xint19
                0x0000000000123642                _Xint20
                0x0000000000123650                _Xint21
                0x000000000012365e                _Xint22
                0x000000000012366c                _Xint23
                0x000000000012367a                _Xint24
                0x0000000000123688                _Xint25
                0x0000000000123696                _Xint26
                0x00000000001236a4                _Xint27
                0x00000000001236b2                _Xint28
                0x00000000001236c0                _Xint29
                0x00000000001236ce                _Xint30
                0x00000000001236dc                _Xint31
                0x00000000001236ea                _Xint32
                0x00000000001236f8                _Xint33
                0x0000000000123706                _Xint34
                0x0000000000123714                _Xint35
                0x0000000000123722                _Xint36
                0x0000000000123730                _Xint37
                0x000000000012373e                _Xint38
                0x000000000012374c                _Xint39
                0x000000000012375a                _Xint40
                0x0000000000123768                _Xint41
                0x0000000000123776                _Xint42
                0x0000000000123784                _Xint43
                0x0000000000123792                _Xint44
                0x00000000001237a0                _Xint45
                0x00000000001237ae                _Xint46
                0x00000000001237bc                defevec
 .text          0x000000000012387c       0x3a binaries/setjmp.o
                0x000000000012387c                setjmp
                0x000000000012389b                longjmp
 .text          0x00000000001238b6        0xf binaries/ttydispatch.o
                0x00000000001238b6                ttydispatch
 .text          0x00000000001238c5       0x13 binaries/ethdispatch.o
                0x00000000001238c5                ethdispatch
 *(.rodata .rodata.*)
 .rodata        0x00000000001238d8       0x8e binaries/ascdate.o
 .rodata        0x0000000000123966       0xb2 binaries/conf.o
 .rodata        0x0000000000123a18       0x83 binaries/early_imr.o
 *fill*         0x0000000000123a9b        0x1 
 .rodata        0x0000000000123a9c      0x233 binaries/evec.o
 *fill*         0x0000000000123ccf        0x1 
 .rodata        0x0000000000123cd0       0xca binaries/getutime.o
 *fill*         0x0000000000123d9a        0x2 
 .rodata        0x0000000000123d9c      0x148 binaries/initialize.o
 .rodata        0x0000000000123ee4       0x20 binaries/kill.o
 .rodata        0x0000000000123f04       0x2a binaries/main.o
 *fill*         0x0000000000123f2e        0x2 
 .rodata        0x0000000000123f30       0x3e binaries/meminit.o
 .rodata        0x0000000000123f6e        0xf binaries/panic.o
 .rodata        0x0000000000123f7d       0x1c binaries/ptinit.o
 *fill*         0x0000000000123f99        0x3 
 .rodata        0x0000000000123f9c       0x25 binaries/ptsend.o
 .rodata        0x0000000000123fc1       0x22 binaries/quark_pdat.o
 *fill*         0x0000000000123fe3        0x1 
 .rodata        0x0000000000123fe4       0x8f binaries/showmema.o
 *fill*         0x0000000000124073        0x1 
 .rodata        0x0000000000124074       0xb7 binaries/stacktrace.o
 *fill*         0x000000000012412b        0x1 
 .rodata        0x000000000012412c       0x27 binaries/xdone.o
 *fill*         0x0000000000124153        0xd 
 .rodata        0x0000000000124160       0x81 binaries/ctype_.o
                0x0000000000124160                _ctype_
 *fill*         0x00000000001241e1        0x3 
 .rodata        0x00000000001241e4       0xee binaries/doprnt.o
 *fill*         0x00000000001242d2        0x2 
 .rodata        0x00000000001242d4       0x98 binaries/doscan.o
 .rodata        0x000000000012436c       0xae binaries/fdoprnt.o
 .rodata        0x000000000012441a        0x1 binaries/strtok.o
 *fill*         0x000000000012441b        0x5 
 .rodata        0x0000000000124420       0x65 binaries/xstoul.o
 *fill*         0x0000000000124485        0x3 
 .rodata        0x0000000000124488       0x20 binaries/ttycontrol.o
 .rodata        0x00000000001244a8       0x34 binaries/ttyhandler.o
 .rodata        0x00000000001244dc       0x80 binaries/naminit.o
 .rodata        0x000000000012455c       0x46 binaries/ethinit.o
 *fill*         0x00000000001245a2        0x2 
 .rodata        0x00000000001245a4       0x2c binaries/rdsbufalloc.o
 .rodata        0x00000000001245d0       0x76 binaries/rdscomm.o
 *fill*         0x0000000000124646        0x2 
 .rodata        0x0000000000124648       0x48 binaries/rdscontrol.o
 .rodata        0x0000000000124690       0x96 binaries/rdsinit.o
 *fill*         0x0000000000124726        0x2 
 .rodata        0x0000000000124728       0x22 binaries/rdsopen.o
 *fill*         0x000000000012474a        0x2 
 .rodata        0x000000000012474c       0x4d binaries/rdsprocess.o
 .rodata        0x0000000000124799        0x9 binaries/raminit.o
 *fill*         0x00000000001247a2        0x2 
 .rodata        0x00000000001247a4       0x37 binaries/lfdballoc.o
 .rodata        0x00000000001247db       0x14 binaries/lfiballoc.o
 *fill*         0x00000000001247ef        0x1 
 .rodata        0x00000000001247f0       0x23 binaries/lflcontrol.o
 *fill*         0x0000000000124813        0x1 
 .rodata        0x0000000000124814       0xb7 binaries/lfsckfmt.o
 *fill*         0x00000000001248cb        0x1 
 .rodata        0x00000000001248cc       0x21 binaries/rflread.o
 *fill*         0x00000000001248ed        0x3 
 .rodata        0x00000000001248f0       0x21 binaries/rflwrite.o
 *fill*         0x0000000000124911        0x3 
 .rodata        0x0000000000124914       0x75 binaries/rfscomm.o
 *fill*         0x0000000000124989        0x3 
 .rodata        0x000000000012498c       0x40 binaries/rfscontrol.o
 .rodata        0x00000000001249cc       0x8b binaries/rfsinit.o
 *fill*         0x0000000000124a57        0x1 
 .rodata        0x0000000000124a58       0x2a binaries/rfsndmsg.o
 *fill*         0x0000000000124a82        0x2 
 .rodata        0x0000000000124a84       0x22 binaries/rfsopen.o
 *fill*         0x0000000000124aa6        0x2 
 .rodata        0x0000000000124aa8       0x37 binaries/uechoinit.o
 *fill*         0x0000000000124adf        0x1 
 .rodata        0x0000000000124ae0       0x3a binaries/arp.o
 *fill*         0x0000000000124b1a        0x2 
 .rodata        0x0000000000124b1c      0x1f4 binaries/dhcp.o
 .rodata        0x0000000000124d10       0xc9 binaries/hexdump.o
 *fill*         0x0000000000124dd9        0x3 
 .rodata        0x0000000000124ddc       0x29 binaries/icmp.o
 *fill*         0x0000000000124e05        0x3 
 .rodata        0x0000000000124e08       0x6e binaries/ip.o
 *fill*         0x0000000000124e76        0x2 
 .rodata        0x0000000000124e78       0x5d binaries/net.o
 *fill*         0x0000000000124ed5        0x3 
 .rodata        0x0000000000124ed8       0xdb binaries/netstart.o
 *fill*         0x0000000000124fb3        0x1 
 .rodata        0x0000000000124fb4      0x26f binaries/pdump.o
 *fill*         0x0000000000125223        0x1 
 .rodata        0x0000000000125224      0x154 binaries/tftp.o
 .rodata        0x0000000000125378       0x44 binaries/udp.o
 .rodata        0x00000000001253bc      0x33d binaries/shell.o
 .rodata        0x00000000001256f9       0x28 binaries/xsh_argecho.o
 *fill*         0x0000000000125721        0x3 
 .rodata        0x0000000000125724      0x123 binaries/xsh_arp.o
 *fill*         0x0000000000125847        0x1 
 .rodata        0x0000000000125848      0x4f0 binaries/xsh_basic.o
 .rodata        0x0000000000125d38       0xd5 binaries/xsh_cat.o
 .rodata        0x0000000000125e0d       0x15 binaries/xsh_clear.o
 *fill*         0x0000000000125e22        0x2 
 .rodata        0x0000000000125e24      0x108 binaries/xsh_cp.o
 .rodata        0x0000000000125f2c      0x1c3 binaries/xsh_date.o
 .rodata        0x00000000001260ef       0x5d binaries/xsh_devdump.o
 .rodata        0x000000000012614c      0x140 binaries/xsh_dine.o
 .rodata        0x000000000012628c      0x978 binaries/xsh_e0.o
 .rodata        0x0000000000126c04        0x9 binaries/xsh_echo.o
 *fill*         0x0000000000126c0d        0x3 
 .rodata        0x0000000000126c10      0x169 binaries/xsh_help.o
 *fill*         0x0000000000126d79        0x3 
 .rodata        0x0000000000126d7c      0x1ec binaries/xsh_ipaddr.o
 .rodata        0x0000000000126f68      0x12e binaries/xsh_kill.o
 *fill*         0x0000000000127096        0x2 
 .rodata        0x0000000000127098      0x1d0 binaries/xsh_ls.o
 .rodata        0x0000000000127268      0x24b binaries/xsh_memdump.o
 *fill*         0x00000000001274b3        0x1 
 .rodata        0x00000000001274b4      0x225 binaries/xsh_memstat.o
 *fill*         0x00000000001276d9        0x3 
 .rodata        0x00000000001276dc      0x2b9 binaries/xsh_mklfs.o
 *fill*         0x0000000000127995        0x3 
 .rodata        0x0000000000127998      0x1aa binaries/xsh_msr.o
 *fill*         0x0000000000127b42        0x2 
 .rodata        0x0000000000127b44      0x180 binaries/xsh_netstat.o
 .rodata        0x0000000000127cc4      0x1a1 binaries/xsh_ping.o
 *fill*         0x0000000000127e65        0x3 
 .rodata        0x0000000000127e68      0x1a8 binaries/xsh_ps.o
 .rodata        0x0000000000128010       0x4c binaries/xsh_reboot.o
 .rodata        0x000000000012805c       0x51 binaries/xsh_rename.o
 *fill*         0x00000000001280ad        0x3 
 .rodata        0x00000000001280b0       0x8d binaries/xsh_rm.o
 *fill*         0x000000000012813d        0x3 
 .rodata        0x0000000000128140      0x10f binaries/xsh_sleep.o
 *fill*         0x000000000012824f        0x1 
 .rodata        0x0000000000128250      0x159 binaries/xsh_ss.o
 *fill*         0x00000000001283a9        0x3 
 .rodata        0x00000000001283ac      0x11d binaries/xsh_sum.o
 *fill*         0x00000000001284c9        0x3 
 .rodata        0x00000000001284cc       0xb4 binaries/xsh_tail.o
 .rodata        0x0000000000128580      0x580 binaries/xsh_tftp.o
 .rodata        0x0000000000128b00      0x453 binaries/xsh_tsetjmp.o
 *fill*         0x0000000000128f53        0x1 
 .rodata        0x0000000000128f54      0x1b8 binaries/xsh_udpdump.o
 .rodata        0x000000000012910c      0x215 binaries/xsh_udpecho.o
 *fill*         0x0000000000129321        0x3 
 .rodata        0x0000000000129324      0x12b binaries/xsh_udpeserver.o
 *fill*         0x000000000012944f        0x1 
 .rodata        0x0000000000129450      0x134 binaries/xsh_uptime.o
                0x0000000000129584                etext = ABSOLUTE (.)
                0x000000000012a000                . = ALIGN (0x1000)
 *fill*         0x0000000000129584      0xa7c 

.iplt           0x000000000012a000        0x0
 .iplt          0x000000000012a000        0x0 binaries/ethdispatch.o

.eh_frame       0x000000000012a000     0x4148
 .eh_frame      0x000000000012a000       0x50 binaries/ascdate.o
 .eh_frame      0x000000000012a050       0x34 binaries/bufinit.o
                                         0x4c (size before relaxing)
 .eh_frame      0x000000000012a084       0x38 binaries/chprio.o
                                         0x50 (size before relaxing)
 .eh_frame      0x000000000012a0bc       0x24 binaries/clkhandler.o
                                         0x50 (size before relaxing)
 .eh_frame      0x000000000012a0e0       0x24 binaries/clkinit.o
                                         0x50 (size before relaxing)
 .eh_frame      0x000000000012a104       0x24 binaries/close.o
                                         0x50 (size before relaxing)
 .eh_frame      0x000000000012a128       0x24 binaries/control.o
                                         0x50 (size before relaxing)
 .eh_frame      0x000000000012a14c       0x48 binaries/create.o
                                         0x88 (size before relaxing)
 .eh_frame      0x000000000012a194      0x114 binaries/early_imr.o
                                        0x154 (size before relaxing)
 .eh_frame      0x000000000012a2a8       0x90 binaries/evec.o
                                         0xd0 (size before relaxing)
 .eh_frame      0x000000000012a338       0x24 binaries/exit.o
                                         0x50 (size before relaxing)
 .eh_frame      0x000000000012a35c       0x24 binaries/freebuf.o
                                         0x50 (size before relaxing)
 .eh_frame      0x000000000012a380       0x24 binaries/freemem.o
                                         0x50 (size before relaxing)
 .eh_frame      0x000000000012a3a4       0x24 binaries/getbuf.o
                                         0x50 (size before relaxing)
 .eh_frame      0x000000000012a3c8       0x24 binaries/getc.o
                                         0x50 (size before relaxing)
 .eh_frame      0x000000000012a3ec       0x24 binaries/getdev.o
                                         0x50 (size before relaxing)
 .eh_frame      0x000000000012a410       0x78 binaries/getitem.o
                                         0xa4 (size before relaxing)
 .eh_frame      0x000000000012a488       0x24 binaries/getmem.o
                                         0x50 (size before relaxing)
 .eh_frame      0x000000000012a4ac       0x20 binaries/getpid.o
                                         0x4c (size before relaxing)
 .eh_frame      0x000000000012a4cc       0x24 binaries/getprio.o
                                         0x50 (size before relaxing)
 .eh_frame      0x000000000012a4f0       0x24 binaries/getstk.o
                                         0x50 (size before relaxing)
 .eh_frame      0x000000000012a514       0x24 binaries/gettime.o
                                         0x50 (size before relaxing)
 .eh_frame      0x000000000012a538       0x24 binaries/getutime.o
                                         0x50 (size before relaxing)
 .eh_frame      0x000000000012a55c       0x24 binaries/init.o
                                         0x50 (size before relaxing)
 .eh_frame      0x000000000012a580       0x80 binaries/initialize.o
                                         0xc0 (size before relaxing)
 .eh_frame      0x000000000012a600       0x24 binaries/insert.o
                                         0x50 (size before relaxing)
 .eh_frame      0x000000000012a624       0x28 binaries/insertd.o
                                         0x54 (size before relaxing)
 .eh_frame      0x000000000012a64c       0x20 binaries/ioerr.o
                                         0x4c (size before relaxing)
 .eh_frame      0x000000000012a66c       0x20 binaries/ionull.o
                                         0x4c (size before relaxing)
 .eh_frame      0x000000000012a68c       0x2c binaries/kill.o
                                         0x58 (size before relaxing)
 .eh_frame      0x000000000012a6b8       0x64 binaries/kprintf.o
                                         0x90 (size before relaxing)
 .eh_frame      0x000000000012a71c       0x28 binaries/main.o
                                         0x54 (size before relaxing)
 .eh_frame      0x000000000012a744       0x48 binaries/mark.o
                                         0x74 (size before relaxing)
 .eh_frame      0x000000000012a78c       0x54 binaries/meminit.o
                                         0x94 (size before relaxing)
 .eh_frame      0x000000000012a7e0       0x24 binaries/mkbufpool.o
                                         0x50 (size before relaxing)
 .eh_frame      0x000000000012a804       0x20 binaries/netup.o
                                         0x4c (size before relaxing)
 .eh_frame      0x000000000012a824       0x24 binaries/newqueue.o
                                         0x50 (size before relaxing)
 .eh_frame      0x000000000012a848       0x24 binaries/open.o
                                         0x50 (size before relaxing)
 .eh_frame      0x000000000012a86c       0x1c binaries/panic.o
                                         0x48 (size before relaxing)
 .eh_frame      0x000000000012a888      0x1c0 binaries/pci.o
                                        0x1ec (size before relaxing)
 .eh_frame      0x000000000012aa48       0x48 binaries/platinit.o
                                         0x74 (size before relaxing)
 .eh_frame      0x000000000012aa90       0x24 binaries/ptclear.o
                                         0x50 (size before relaxing)
 .eh_frame      0x000000000012aab4       0x24 binaries/ptcount.o
                                         0x50 (size before relaxing)
 .eh_frame      0x000000000012aad8       0x24 binaries/ptcreate.o
                                         0x50 (size before relaxing)
 .eh_frame      0x000000000012aafc       0x24 binaries/ptdelete.o
                                         0x50 (size before relaxing)
 .eh_frame      0x000000000012ab20       0x24 binaries/ptinit.o
                                         0x50 (size before relaxing)
 .eh_frame      0x000000000012ab44       0x24 binaries/ptrecv.o
                                         0x50 (size before relaxing)
 .eh_frame      0x000000000012ab68       0x24 binaries/ptreset.o
                                         0x50 (size before relaxing)
 .eh_frame      0x000000000012ab8c       0x24 binaries/ptsend.o
                                         0x50 (size before relaxing)
 .eh_frame      0x000000000012abb0       0x24 binaries/putc.o
                                         0x50 (size before relaxing)
 .eh_frame      0x000000000012abd4       0x24 binaries/quark_irq.o
                                         0x50 (size before relaxing)
 .eh_frame      0x000000000012abf8       0x48 binaries/quark_pdat.o
                                         0x74 (size before relaxing)
 .eh_frame      0x000000000012ac40       0x48 binaries/queue.o
                                         0x88 (size before relaxing)
 .eh_frame      0x000000000012ac88       0x24 binaries/read.o
                                         0x50 (size before relaxing)
 .eh_frame      0x000000000012acac       0x28 binaries/ready.o
                                         0x54 (size before relaxing)
 .eh_frame      0x000000000012acd4       0x24 binaries/receive.o
                                         0x50 (size before relaxing)
 .eh_frame      0x000000000012acf8       0x24 binaries/recvclr.o
                                         0x50 (size before relaxing)
 .eh_frame      0x000000000012ad1c       0x24 binaries/recvtime.o
                                         0x50 (size before relaxing)
 .eh_frame      0x000000000012ad40       0x24 binaries/remove.o
                                         0x50 (size before relaxing)
 .eh_frame      0x000000000012ad64       0x24 binaries/rename.o
                                         0x50 (size before relaxing)
 .eh_frame      0x000000000012ad88       0x48 binaries/resched.o
                                         0x88 (size before relaxing)
 .eh_frame      0x000000000012add0       0x24 binaries/resume.o
                                         0x50 (size before relaxing)
 .eh_frame      0x000000000012adf4       0x24 binaries/seek.o
                                         0x50 (size before relaxing)
 .eh_frame      0x000000000012ae18       0x24 binaries/semcount.o
                                         0x50 (size before relaxing)
 .eh_frame      0x000000000012ae3c       0x48 binaries/semcreate.o
                                         0x88 (size before relaxing)
 .eh_frame      0x000000000012ae84       0x24 binaries/semdelete.o
                                         0x50 (size before relaxing)
 .eh_frame      0x000000000012aea8       0x24 binaries/semreset.o
                                         0x50 (size before relaxing)
 .eh_frame      0x000000000012aecc       0x24 binaries/send.o
                                         0x50 (size before relaxing)
 .eh_frame      0x000000000012aef0       0x24 binaries/showmema.o
                                         0x50 (size before relaxing)
 .eh_frame      0x000000000012af14       0x24 binaries/signal.o
                                         0x50 (size before relaxing)
 .eh_frame      0x000000000012af38       0x24 binaries/signaln.o
                                         0x50 (size before relaxing)
 .eh_frame      0x000000000012af5c       0x44 binaries/sleep.o
                                         0x84 (size before relaxing)
 .eh_frame      0x000000000012afa0       0x20 binaries/ssignal.o
                                         0x4c (size before relaxing)
 .eh_frame      0x000000000012afc0       0x24 binaries/stacktrace.o
                                         0x50 (size before relaxing)
 .eh_frame      0x000000000012afe4       0x24 binaries/suspend.o
                                         0x50 (size before relaxing)
 .eh_frame      0x000000000012b008       0x20 binaries/swait.o
                                         0x4c (size before relaxing)
 .eh_frame      0x000000000012b028       0x24 binaries/unsleep.o
                                         0x50 (size before relaxing)
 .eh_frame      0x000000000012b04c       0x24 binaries/userret.o
                                         0x50 (size before relaxing)
 .eh_frame      0x000000000012b070       0x24 binaries/wait.o
                                         0x50 (size before relaxing)
 .eh_frame      0x000000000012b094       0x24 binaries/wakeup.o
                                         0x50 (size before relaxing)
 .eh_frame      0x000000000012b0b8       0x24 binaries/write.o
                                         0x50 (size before relaxing)
 .eh_frame      0x000000000012b0dc       0x24 binaries/xdone.o
                                         0x50 (size before relaxing)
 .eh_frame      0x000000000012b100       0x24 binaries/yield.o
                                         0x50 (size before relaxing)
 .eh_frame      0x000000000012b124       0x20 binaries/abs.o
                                         0x4c (size before relaxing)
 .eh_frame      0x000000000012b144       0x20 binaries/atoi.o
                                         0x4c (size before relaxing)
 .eh_frame      0x000000000012b164       0x20 binaries/atol.o
                                         0x4c (size before relaxing)
 .eh_frame      0x000000000012b184       0x20 binaries/bzero.o
                                         0x4c (size before relaxing)
 .eh_frame      0x000000000012b1a4       0xcc binaries/doprnt.o
                                        0x10c (size before relaxing)
 .eh_frame      0x000000000012b270       0xc8 binaries/doscan.o
                                         0xf4 (size before relaxing)
 .eh_frame      0x000000000012b338       0xcc binaries/fdoprnt.o
                                        0x10c (size before relaxing)
 .eh_frame      0x000000000012b404       0x24 binaries/fgetc.o
                                         0x50 (size before relaxing)
 .eh_frame      0x000000000012b428       0x24 binaries/fgets.o
                                         0x50 (size before relaxing)
 .eh_frame      0x000000000012b44c       0x44 binaries/fprintf.o
                                         0x84 (size before relaxing)
 .eh_frame      0x000000000012b490       0x24 binaries/fputc.o
                                         0x50 (size before relaxing)
 .eh_frame      0x000000000012b4b4       0x24 binaries/fputs.o
                                         0x50 (size before relaxing)
 .eh_frame      0x000000000012b4d8       0x68 binaries/fscanf.o
                                         0x94 (size before relaxing)
 .eh_frame      0x000000000012b540       0x24 binaries/getchar.o
                                         0x50 (size before relaxing)
 .eh_frame      0x000000000012b564       0x20 binaries/isatty.o
                                         0x4c (size before relaxing)
 .eh_frame      0x000000000012b584       0x20 binaries/labs.o
                                         0x4c (size before relaxing)
 .eh_frame      0x000000000012b5a4       0x20 binaries/memchr.o
                                         0x4c (size before relaxing)
 .eh_frame      0x000000000012b5c4       0x20 binaries/memcmp.o
                                         0x4c (size before relaxing)
 .eh_frame      0x000000000012b5e4       0x24 binaries/memcpy.o
                                         0x50 (size before relaxing)
 .eh_frame      0x000000000012b608       0x20 binaries/memset.o
                                         0x4c (size before relaxing)
 .eh_frame      0x000000000012b628       0x48 binaries/printf.o
                                         0x88 (size before relaxing)
 .eh_frame      0x000000000012b670       0x24 binaries/putchar.o
                                         0x50 (size before relaxing)
 .eh_frame      0x000000000012b694       0x24 binaries/qsort.o
                                         0x50 (size before relaxing)
 .eh_frame      0x000000000012b6b8       0x40 binaries/rand.o
                                         0x6c (size before relaxing)
 .eh_frame      0x000000000012b6f8       0x44 binaries/sprintf.o
                                         0x70 (size before relaxing)
 .eh_frame      0x000000000012b73c       0x64 binaries/sscanf.o
                                         0x90 (size before relaxing)
 .eh_frame      0x000000000012b7a0       0x20 binaries/strcat.o
                                         0x4c (size before relaxing)
 .eh_frame      0x000000000012b7c0       0x20 binaries/strchr.o
                                         0x4c (size before relaxing)
 .eh_frame      0x000000000012b7e0       0x20 binaries/strcmp.o
                                         0x4c (size before relaxing)
 .eh_frame      0x000000000012b800       0x20 binaries/strcpy.o
                                         0x4c (size before relaxing)
 .eh_frame      0x000000000012b820       0x20 binaries/strlen.o
                                         0x4c (size before relaxing)
 .eh_frame      0x000000000012b840       0x20 binaries/strncat.o
                                         0x4c (size before relaxing)
 .eh_frame      0x000000000012b860       0x20 binaries/strncmp.o
                                         0x4c (size before relaxing)
 .eh_frame      0x000000000012b880       0x28 binaries/strncpy.o
                                         0x54 (size before relaxing)
 .eh_frame      0x000000000012b8a8       0x20 binaries/strnlen.o
                                         0x4c (size before relaxing)
 .eh_frame      0x000000000012b8c8       0x20 binaries/strpbrk.o
                                         0x4c (size before relaxing)
 .eh_frame      0x000000000012b8e8       0x20 binaries/strrchr.o
                                         0x4c (size before relaxing)
 .eh_frame      0x000000000012b908       0x20 binaries/strspn.o
                                         0x4c (size before relaxing)
 .eh_frame      0x000000000012b928       0x20 binaries/strstr.o
                                         0x4c (size before relaxing)
 .eh_frame      0x000000000012b948       0x24 binaries/strtok.o
                                         0x50 (size before relaxing)
 .eh_frame      0x000000000012b96c       0x24 binaries/strtol.o
                                         0x50 (size before relaxing)
 .eh_frame      0x000000000012b990       0x24 binaries/strtoul.o
                                         0x50 (size before relaxing)
 .eh_frame      0x000000000012b9b4       0x20 binaries/tolower.o
                                         0x4c (size before relaxing)
 .eh_frame      0x000000000012b9d4       0x20 binaries/toupper.o
                                         0x4c (size before relaxing)
 .eh_frame      0x000000000012b9f4       0x24 binaries/xstoul.o
                                         0x50 (size before relaxing)
 .eh_frame      0x000000000012ba18       0x24 binaries/ttycontrol.o
                                         0x50 (size before relaxing)
 .eh_frame      0x000000000012ba3c       0x24 binaries/ttygetc.o
                                         0x50 (size before relaxing)
 .eh_frame      0x000000000012ba60       0x88 binaries/ttyhandle_in.o
                                         0xdc (size before relaxing)
 .eh_frame      0x000000000012bae8       0x24 binaries/ttyhandle_out.o
                                         0x50 (size before relaxing)
 .eh_frame      0x000000000012bb0c       0x24 binaries/ttyhandler.o
                                         0x50 (size before relaxing)
 .eh_frame      0x000000000012bb30       0x24 binaries/ttyinit.o
                                         0x50 (size before relaxing)
 .eh_frame      0x000000000012bb54       0x20 binaries/ttykickout.o
                                         0x4c (size before relaxing)
 .eh_frame      0x000000000012bb74       0x24 binaries/ttyputc.o
                                         0x50 (size before relaxing)
 .eh_frame      0x000000000012bb98       0x24 binaries/ttyread.o
                                         0x50 (size before relaxing)
 .eh_frame      0x000000000012bbbc       0x24 binaries/ttywrite.o
                                         0x50 (size before relaxing)
 .eh_frame      0x000000000012bbe0       0x44 binaries/mount.o
                                         0x84 (size before relaxing)
 .eh_frame      0x000000000012bc24       0x24 binaries/naminit.o
                                         0x50 (size before relaxing)
 .eh_frame      0x000000000012bc48       0x6c binaries/nammap.o
                                         0xac (size before relaxing)
 .eh_frame      0x000000000012bcb4       0x24 binaries/namopen.o
                                         0x50 (size before relaxing)
 .eh_frame      0x000000000012bcd8       0x28 binaries/colon2mac.o
                                         0x54 (size before relaxing)
 .eh_frame      0x000000000012bd00       0x24 binaries/ethcontrol.o
                                         0x50 (size before relaxing)
 .eh_frame      0x000000000012bd24       0x24 binaries/ethhandler.o
                                         0x50 (size before relaxing)
 .eh_frame      0x000000000012bd48       0xa4 binaries/ethinit.o
                                         0xe4 (size before relaxing)
 .eh_frame      0x000000000012bdec       0x48 binaries/ethmcast.o
                                         0x88 (size before relaxing)
 .eh_frame      0x000000000012be34       0x24 binaries/ethread.o
                                         0x50 (size before relaxing)
 .eh_frame      0x000000000012be58       0x24 binaries/ethwrite.o
                                         0x50 (size before relaxing)
 .eh_frame      0x000000000012be7c       0x24 binaries/rdsbufalloc.o
                                         0x50 (size before relaxing)
 .eh_frame      0x000000000012bea0       0x20 binaries/rdsclose.o
                                         0x4c (size before relaxing)
 .eh_frame      0x000000000012bec0       0x24 binaries/rdscomm.o
                                         0x50 (size before relaxing)
 .eh_frame      0x000000000012bee4       0x24 binaries/rdscontrol.o
                                         0x50 (size before relaxing)
 .eh_frame      0x000000000012bf08       0x24 binaries/rdsinit.o
                                         0x50 (size before relaxing)
 .eh_frame      0x000000000012bf2c       0x24 binaries/rdsopen.o
                                         0x50 (size before relaxing)
 .eh_frame      0x000000000012bf50       0x1c binaries/rdsprocess.o
                                         0x48 (size before relaxing)
 .eh_frame      0x000000000012bf6c       0x24 binaries/rdsread.o
                                         0x50 (size before relaxing)
 .eh_frame      0x000000000012bf90       0x24 binaries/rdswrite.o
                                         0x50 (size before relaxing)
 .eh_frame      0x000000000012bfb4       0x20 binaries/ramclose.o
                                         0x4c (size before relaxing)
 .eh_frame      0x000000000012bfd4       0x24 binaries/raminit.o
                                         0x50 (size before relaxing)
 .eh_frame      0x000000000012bff8       0x20 binaries/ramopen.o
                                         0x4c (size before relaxing)
 .eh_frame      0x000000000012c018       0x24 binaries/ramread.o
                                         0x50 (size before relaxing)
 .eh_frame      0x000000000012c03c       0x24 binaries/ramwrite.o
                                         0x50 (size before relaxing)
 .eh_frame      0x000000000012c060       0x24 binaries/lfdballoc.o
                                         0x50 (size before relaxing)
 .eh_frame      0x000000000012c084       0x24 binaries/lfdbfree.o
                                         0x50 (size before relaxing)
 .eh_frame      0x000000000012c0a8       0x24 binaries/lfflush.o
                                         0x50 (size before relaxing)
 .eh_frame      0x000000000012c0cc       0x20 binaries/lfgetmode.o
                                         0x4c (size before relaxing)
 .eh_frame      0x000000000012c0ec       0x24 binaries/lfiballoc.o
                                         0x50 (size before relaxing)
 .eh_frame      0x000000000012c110       0x20 binaries/lfibclear.o
                                         0x4c (size before relaxing)
 .eh_frame      0x000000000012c130       0x24 binaries/lfibget.o
                                         0x50 (size before relaxing)
 .eh_frame      0x000000000012c154       0x24 binaries/lfibput.o
                                         0x50 (size before relaxing)
 .eh_frame      0x000000000012c178       0x24 binaries/lflclose.o
                                         0x50 (size before relaxing)
 .eh_frame      0x000000000012c19c       0x24 binaries/lflcontrol.o
                                         0x50 (size before relaxing)
 .eh_frame      0x000000000012c1c0       0x24 binaries/lflgetc.o
                                         0x50 (size before relaxing)
 .eh_frame      0x000000000012c1e4       0x24 binaries/lflinit.o
                                         0x50 (size before relaxing)
 .eh_frame      0x000000000012c208       0x24 binaries/lflputc.o
                                         0x50 (size before relaxing)
 .eh_frame      0x000000000012c22c       0x24 binaries/lflread.o
                                         0x50 (size before relaxing)
 .eh_frame      0x000000000012c250       0x24 binaries/lflseek.o
                                         0x50 (size before relaxing)
 .eh_frame      0x000000000012c274       0x24 binaries/lflwrite.o
                                         0x50 (size before relaxing)
 .eh_frame      0x000000000012c298       0x24 binaries/lfsckfmt.o
                                         0x50 (size before relaxing)
 .eh_frame      0x000000000012c2bc       0x68 binaries/lfscontrol.o
                                         0xa8 (size before relaxing)
 .eh_frame      0x000000000012c324       0x24 binaries/lfscreate.o
                                         0x50 (size before relaxing)
 .eh_frame      0x000000000012c348       0x24 binaries/lfsetup.o
                                         0x50 (size before relaxing)
 .eh_frame      0x000000000012c36c       0x24 binaries/lfsinit.o
                                         0x50 (size before relaxing)
 .eh_frame      0x000000000012c390       0x24 binaries/lfsopen.o
                                         0x50 (size before relaxing)
 .eh_frame      0x000000000012c3b4       0x24 binaries/lftruncate.o
                                         0x50 (size before relaxing)
 .eh_frame      0x000000000012c3d8       0x24 binaries/rflclose.o
                                         0x50 (size before relaxing)
 .eh_frame      0x000000000012c3fc       0x24 binaries/rflgetc.o
                                         0x50 (size before relaxing)
 .eh_frame      0x000000000012c420       0x20 binaries/rflinit.o
                                         0x4c (size before relaxing)
 .eh_frame      0x000000000012c440       0x24 binaries/rflputc.o
                                         0x50 (size before relaxing)
 .eh_frame      0x000000000012c464       0x24 binaries/rflread.o
                                         0x50 (size before relaxing)
 .eh_frame      0x000000000012c488       0x24 binaries/rflseek.o
                                         0x50 (size before relaxing)
 .eh_frame      0x000000000012c4ac       0x24 binaries/rflwrite.o
                                         0x50 (size before relaxing)
 .eh_frame      0x000000000012c4d0       0x24 binaries/rfscomm.o
                                         0x50 (size before relaxing)
 .eh_frame      0x000000000012c4f4       0x24 binaries/rfscontrol.o
                                         0x50 (size before relaxing)
 .eh_frame      0x000000000012c518       0x20 binaries/rfsgetmode.o
                                         0x4c (size before relaxing)
 .eh_frame      0x000000000012c538       0x24 binaries/rfsinit.o
                                         0x50 (size before relaxing)
 .eh_frame      0x000000000012c55c       0x24 binaries/rfsndmsg.o
                                         0x50 (size before relaxing)
 .eh_frame      0x000000000012c580       0x24 binaries/rfsopen.o
                                         0x50 (size before relaxing)
 .eh_frame      0x000000000012c5a4       0x20 binaries/uechoclose.o
                                         0x4c (size before relaxing)
 .eh_frame      0x000000000012c5c4       0x20 binaries/uechocontrol.o
                                         0x4c (size before relaxing)
 .eh_frame      0x000000000012c5e4       0x48 binaries/uechoget.o
                                         0x88 (size before relaxing)
 .eh_frame      0x000000000012c62c       0x60 binaries/uechoinit.o
                                         0x8c (size before relaxing)
 .eh_frame      0x000000000012c68c       0x24 binaries/uechoopen.o
                                         0x50 (size before relaxing)
 .eh_frame      0x000000000012c6b0       0x28 binaries/uechoputc.o
                                         0x54 (size before relaxing)
 .eh_frame      0x000000000012c6d8       0x24 binaries/uechoread.o
                                         0x50 (size before relaxing)
 .eh_frame      0x000000000012c6fc       0x2c binaries/uechowrite.o
                                         0x58 (size before relaxing)
 .eh_frame      0x000000000012c728       0xd0 binaries/arp.o
                                        0x124 (size before relaxing)
 .eh_frame      0x000000000012c7f8       0xac binaries/dhcp.o
                                         0xec (size before relaxing)
 .eh_frame      0x000000000012c8a4       0x8c binaries/dns.o
                                         0xcc (size before relaxing)
 .eh_frame      0x000000000012c930       0x20 binaries/dot2ip.o
                                         0x4c (size before relaxing)
 .eh_frame      0x000000000012c950       0x48 binaries/hexdump.o
                                         0x74 (size before relaxing)
 .eh_frame      0x000000000012c998      0x168 binaries/icmp.o
                                        0x1bc (size before relaxing)
 .eh_frame      0x000000000012cb00      0x130 binaries/ip.o
                                        0x170 (size before relaxing)
 .eh_frame      0x000000000012cc30       0x80 binaries/net.o
                                         0xc0 (size before relaxing)
 .eh_frame      0x000000000012ccb0       0x30 binaries/netstart.o
                                         0x5c (size before relaxing)
 .eh_frame      0x000000000012cce0       0x74 binaries/pdump.o
                                         0xa0 (size before relaxing)
 .eh_frame      0x000000000012cd54       0x68 binaries/tftp.o
                                         0xa8 (size before relaxing)
 .eh_frame      0x000000000012cdbc      0x160 binaries/udp.o
                                        0x1b4 (size before relaxing)
 .eh_frame      0x000000000012cf1c       0x24 binaries/addargs.o
                                         0x50 (size before relaxing)
 .eh_frame      0x000000000012cf40       0x20 binaries/lexan.o
                                         0x4c (size before relaxing)
 .eh_frame      0x000000000012cf60       0x2c binaries/shell.o
                                         0x58 (size before relaxing)
 .eh_frame      0x000000000012cf8c       0x24 binaries/xsh_argecho.o
                                         0x50 (size before relaxing)
 .eh_frame      0x000000000012cfb0       0x48 binaries/xsh_arp.o
                                         0x74 (size before relaxing)
 .eh_frame      0x000000000012cff8      0x608 binaries/xsh_basic.o
                                        0x648 (size before relaxing)
 .eh_frame      0x000000000012d600       0x2c binaries/xsh_cat.o
                                         0x58 (size before relaxing)
 .eh_frame      0x000000000012d62c       0x28 binaries/xsh_clear.o
                                         0x54 (size before relaxing)
 .eh_frame      0x000000000012d654       0x24 binaries/xsh_cp.o
                                         0x50 (size before relaxing)
 .eh_frame      0x000000000012d678       0x2c binaries/xsh_date.o
                                         0x58 (size before relaxing)
 .eh_frame      0x000000000012d6a4       0x24 binaries/xsh_devdump.o
                                         0x50 (size before relaxing)
 .eh_frame      0x000000000012d6c8       0x90 binaries/xsh_dine.o
                                         0xd0 (size before relaxing)
 .eh_frame      0x000000000012d758      0x344 binaries/xsh_e0.o
                                        0x384 (size before relaxing)
 .eh_frame      0x000000000012da9c       0x24 binaries/xsh_echo.o
                                         0x50 (size before relaxing)
 .eh_frame      0x000000000012dac0       0x20 binaries/xsh_exit.o
                                         0x4c (size before relaxing)
 .eh_frame      0x000000000012dae0       0x2c binaries/xsh_help.o
                                         0x58 (size before relaxing)
 .eh_frame      0x000000000012db0c       0x30 binaries/xsh_ipaddr.o
                                         0x5c (size before relaxing)
 .eh_frame      0x000000000012db3c       0x2c binaries/xsh_kill.o
                                         0x58 (size before relaxing)
 .eh_frame      0x000000000012db68       0x48 binaries/xsh_ls.o
                                         0x88 (size before relaxing)
 .eh_frame      0x000000000012dbb0       0x50 binaries/xsh_memdump.o
                                         0x7c (size before relaxing)
 .eh_frame      0x000000000012dc00       0x74 binaries/xsh_memstat.o
                                         0xa0 (size before relaxing)
 .eh_frame      0x000000000012dc74       0x24 binaries/xsh_mklfs.o
                                         0x50 (size before relaxing)
 .eh_frame      0x000000000012dc98       0x2c binaries/xsh_msr.o
                                         0x58 (size before relaxing)
 .eh_frame      0x000000000012dcc4       0x2c binaries/xsh_netstat.o
                                         0x58 (size before relaxing)
 .eh_frame      0x000000000012dcf0       0x30 binaries/xsh_ping.o
                                         0x5c (size before relaxing)
 .eh_frame      0x000000000012dd20       0x30 binaries/xsh_ps.o
                                         0x5c (size before relaxing)
 .eh_frame      0x000000000012dd50       0x24 binaries/xsh_reboot.o
                                         0x50 (size before relaxing)
 .eh_frame      0x000000000012dd74       0x24 binaries/xsh_rename.o
                                         0x50 (size before relaxing)
 .eh_frame      0x000000000012dd98       0x24 binaries/xsh_rm.o
                                         0x50 (size before relaxing)
 .eh_frame      0x000000000012ddbc       0x2c binaries/xsh_sleep.o
                                         0x58 (size before relaxing)
 .eh_frame      0x000000000012dde8       0x24 binaries/xsh_ss.o
                                         0x50 (size before relaxing)
 .eh_frame      0x000000000012de0c       0x30 binaries/xsh_sum.o
                                         0x5c (size before relaxing)
 .eh_frame      0x000000000012de3c       0x58 binaries/xsh_tail.o
                                         0x84 (size before relaxing)
 .eh_frame      0x000000000012de94      0x130 binaries/xsh_tftp.o
                                        0x15c (size before relaxing)
 .eh_frame      0x000000000012dfc4       0xcc binaries/xsh_tsetjmp.o
                                        0x10c (size before relaxing)
 .eh_frame      0x000000000012e090       0x2c binaries/xsh_udpdump.o
                                         0x58 (size before relaxing)
 .eh_frame      0x000000000012e0bc       0x30 binaries/xsh_udpecho.o
                                         0x5c (size before relaxing)
 .eh_frame      0x000000000012e0ec       0x30 binaries/xsh_udpeserver.o
                                         0x5c (size before relaxing)
 .eh_frame      0x000000000012e11c       0x2c binaries/xsh_uptime.o
                                         0x58 (size before relaxing)

.note.gnu.property
                0x000000000012e148       0x1c
 .note.gnu.property
                0x000000000012e148       0x1c binaries/ethdispatch.o

.rel.dyn        0x000000000012e164        0x0
 .rel.got       0x000000000012e164        0x0 binaries/ethdispatch.o
 .rel.iplt      0x000000000012e164        0x0 binaries/ethdispatch.o
 .rel.text      0x000000000012e164        0x0 binaries/ethdispatch.o

.data           0x000000000012e180     0x1e80
                0x000000000012e180                data = ABSOLUTE (.)
 *(.data .data.*)
 .data          0x000000000012e180      0x86a binaries/start.o
                0x000000000012e180                gdt
                0x000000000012e1e0                idt
                0x000000000012e9e6                cpudelay
 .data          0x000000000012e9ea        0x0 binaries/ascdate.o
 *fill*         0x000000000012e9ea       0x16 
 .data.rel.local
                0x000000000012ea00       0x88 binaries/ascdate.o
                0x000000000012ea00                Date
 .data          0x000000000012ea88        0x0 binaries/bufinit.o
 .data          0x000000000012ea88        0x0 binaries/chprio.o
 .data          0x000000000012ea88        0x4 binaries/clkhandler.o
 .data          0x000000000012ea8c        0x0 binaries/clkinit.o
 .data          0x000000000012ea8c        0x0 binaries/close.o
 .data          0x000000000012ea8c        0x0 binaries/conf.o
 *fill*         0x000000000012ea8c       0x14 
 .data.rel      0x000000000012eaa0      0x5dc binaries/conf.o
                0x000000000012eaa0                devtab
 .data          0x000000000012f07c        0x0 binaries/control.o
 .data          0x000000000012f07c        0x4 binaries/create.o
 .data          0x000000000012f080        0x0 binaries/early_imr.o
 .data          0x000000000012f080        0x0 binaries/evec.o
 .data.rel.local
                0x000000000012f080       0x40 binaries/evec.o
                0x000000000012f080                inames
 .data          0x000000000012f0c0        0x0 binaries/exit.o
 .data          0x000000000012f0c0        0x0 binaries/freebuf.o
 .data          0x000000000012f0c0        0x0 binaries/freemem.o
 .data          0x000000000012f0c0        0x0 binaries/getbuf.o
 .data          0x000000000012f0c0        0x0 binaries/getc.o
 .data          0x000000000012f0c0        0x0 binaries/getdev.o
 .data          0x000000000012f0c0        0x0 binaries/getitem.o
 .data          0x000000000012f0c0        0x0 binaries/getmem.o
 .data          0x000000000012f0c0        0x0 binaries/getpid.o
 .data          0x000000000012f0c0        0x0 binaries/getprio.o
 .data          0x000000000012f0c0        0x0 binaries/getstk.o
 .data          0x000000000012f0c0        0x0 binaries/gettime.o
 .data          0x000000000012f0c0        0x0 binaries/getutime.o
 .data          0x000000000012f0c0        0x0 binaries/init.o
 .data          0x000000000012f0c0        0x0 binaries/initialize.o
 .data          0x000000000012f0c0        0x0 binaries/insert.o
 .data          0x000000000012f0c0        0x0 binaries/insertd.o
 .data          0x000000000012f0c0        0x0 binaries/ioerr.o
 .data          0x000000000012f0c0        0x0 binaries/ionull.o
 .data          0x000000000012f0c0        0x0 binaries/kill.o
 .data          0x000000000012f0c0        0x0 binaries/kprintf.o
 .data          0x000000000012f0c0        0x0 binaries/main.o
 .data          0x000000000012f0c0        0x0 binaries/mark.o
 .data          0x000000000012f0c0       0x78 binaries/meminit.o
                0x000000000012f0c0                bootsign
                0x000000000012f0c4                bootinfo
                0x000000000012f0e0                gdt_copy
 .data          0x000000000012f138        0x0 binaries/mkbufpool.o
 .data          0x000000000012f138        0x0 binaries/netup.o
 .data          0x000000000012f138        0x2 binaries/newqueue.o
 .data          0x000000000012f13a        0x0 binaries/open.o
 .data          0x000000000012f13a        0x0 binaries/panic.o
 .data          0x000000000012f13a        0x0 binaries/pci.o
 .data          0x000000000012f13a        0x0 binaries/platinit.o
 .data          0x000000000012f13a        0x0 binaries/ptclear.o
 .data          0x000000000012f13a        0x0 binaries/ptcount.o
 .data          0x000000000012f13a        0x0 binaries/ptcreate.o
 .data          0x000000000012f13a        0x0 binaries/ptdelete.o
 .data          0x000000000012f13a        0x0 binaries/ptinit.o
 .data          0x000000000012f13a        0x0 binaries/ptrecv.o
 .data          0x000000000012f13a        0x0 binaries/ptreset.o
 .data          0x000000000012f13a        0x0 binaries/ptsend.o
 .data          0x000000000012f13a        0x0 binaries/putc.o
 .data          0x000000000012f13a        0x0 binaries/quark_irq.o
 .data          0x000000000012f13a        0x0 binaries/quark_pdat.o
 .data          0x000000000012f13a        0x0 binaries/queue.o
 .data          0x000000000012f13a        0x0 binaries/read.o
 .data          0x000000000012f13a        0x0 binaries/ready.o
 .data          0x000000000012f13a        0x0 binaries/receive.o
 .data          0x000000000012f13a        0x0 binaries/recvclr.o
 .data          0x000000000012f13a        0x0 binaries/recvtime.o
 .data          0x000000000012f13a        0x0 binaries/remove.o
 .data          0x000000000012f13a        0x0 binaries/rename.o
 .data          0x000000000012f13a        0x0 binaries/resched.o
 .data          0x000000000012f13a        0x0 binaries/resume.o
 .data          0x000000000012f13a        0x0 binaries/seek.o
 .data          0x000000000012f13a        0x0 binaries/semcount.o
 .data          0x000000000012f13a        0x0 binaries/semcreate.o
 .data          0x000000000012f13a        0x0 binaries/semdelete.o
 .data          0x000000000012f13a        0x0 binaries/semreset.o
 .data          0x000000000012f13a        0x0 binaries/send.o
 .data          0x000000000012f13a        0x0 binaries/showmema.o
 .data          0x000000000012f13a        0x0 binaries/signal.o
 .data          0x000000000012f13a        0x0 binaries/signaln.o
 .data          0x000000000012f13a        0x0 binaries/sleep.o
 .data          0x000000000012f13a        0x0 binaries/ssignal.o
 .data          0x000000000012f13a        0x0 binaries/stacktrace.o
 .data          0x000000000012f13a        0x0 binaries/suspend.o
 .data          0x000000000012f13a        0x0 binaries/swait.o
 .data          0x000000000012f13a        0x0 binaries/unsleep.o
 .data          0x000000000012f13a        0x0 binaries/userret.o
 .data          0x000000000012f13a        0x0 binaries/wait.o
 .data          0x000000000012f13a        0x0 binaries/wakeup.o
 .data          0x000000000012f13a        0x0 binaries/write.o
 .data          0x000000000012f13a        0x0 binaries/xdone.o
 .data          0x000000000012f13a        0x0 binaries/yield.o
 .data          0x000000000012f13a        0x0 binaries/abs.o
 .data          0x000000000012f13a        0x0 binaries/atoi.o
 .data          0x000000000012f13a        0x0 binaries/atol.o
 .data          0x000000000012f13a        0x0 binaries/bzero.o
 .data          0x000000000012f13a        0x0 binaries/ctype_.o
 .data          0x000000000012f13a        0x0 binaries/doprnt.o
 *fill*         0x000000000012f13a        0x6 
 .data          0x000000000012f140       0x80 binaries/doscan.o
                0x000000000012f140                _sctab
 .data          0x000000000012f1c0        0x0 binaries/fdoprnt.o
 .data          0x000000000012f1c0        0x0 binaries/fgetc.o
 .data          0x000000000012f1c0        0x0 binaries/fgets.o